
> diamond-hardhat@1.0.0 dev
> node server.js

Ready on localhost:3000
 ○ Compiling / ...
 GET / 500 in 55ms
 ✓ Compiled / in 2.7s (1550 modules)
 GET /_next/static/webpack/2e9232d5a7060314.webpack.hot-update.json 500 in 2389ms
 GET / 200 in 23931ms
 GET / 500 in 2431ms
 GET / 500 in 2382ms
 ✓ Compiled in 310ms (250 modules)
 ○ Compiling / ...
 ✓ Compiled / in 2.3s (1550 modules)
 GET / 200 in 459ms
 GET / 200 in 404ms
 ○ Compiling /events/new ...
 ✓ Compiled /events/new in 611ms (1554 modules)
 GET /events/new 200 in 690ms
 GET / 200 in 539ms
   Reload env: .env
 ✓ Compiled in 11s (1553 modules)
 GET / 200 in 168ms
   Reload env: .env
 ✓ Compiled in 747ms (1553 modules)
 GET / 200 in 139ms
 ✓ Compiled in 544ms (1553 modules)
 GET / 200 in 131ms
 GET / 200 in 368ms
 ✓ Compiled in 3.8s (1553 modules)
   Reload env: .env
 ✓ Compiled in 12.3s (1553 modules)
 GET /events/new 500 in 285ms
 ○ Compiling /_error ...
 ✓ Compiled /_error in 4s (1554 modules)
 GET /events/new 500 in 3853ms
   Reload env: .env
 ✓ Compiled in 1775ms (1552 modules)
 GET /events/new 200 in 110ms
 GET /events/new 200 in 24ms
 ✓ Compiled in 319ms (1552 modules)
 GET /events/new 200 in 68ms
 GET /events/new 200 in 28ms
 GET /events/new 200 in 61ms
